// Jest Snapshot v1, https://goo.gl/fbAQLP

exports[`renders correctly when there are no items 1`] = `
<div
  className="infoStatsBlock"
>
  <div
    className="infoStat"
  >
    <div
      className="infoStatLeft"
    />
    <div
      className="infoStatright"
    />
  </div>
</div>
`;

exports[`test if infostat component renders correctly 1`] = `
<div
  className="infoStatsBlock"
>
  <div
    className="infoStat"
  >
    <div
      className="infoStatLeft"
    />
    <div
      className="infoStatright"
    />
  </div>
</div>
`;
